[debug] [2026-06-12T03:04:03.859Z] ----------------------------------------------------------------------
[debug] [2026-06-12T03:04:03.868Z] Command:       C:\Program Files\nodejs\node.exe C:\Users\Darwish\AppData\Roaming\npm\node_modules\firebase-tools\lib\bin\firebase.js init
[debug] [2026-06-12T03:04:03.869Z] CLI Version:   15.20.0
[debug] [2026-06-12T03:04:03.869Z] Platform:      win32
[debug] [2026-06-12T03:04:03.869Z] Node Version:  v24.15.0
[debug] [2026-06-12T03:04:03.870Z] Time:          Fri Jun 12 2026 06:04:03 GMT+0300 (Eastern European Summer Time)
[debug] [2026-06-12T03:04:03.870Z] ----------------------------------------------------------------------
[debug] 
[info] 
     ######## #### ########  ######## ########     ###     ######  ########
     ##        ##  ##     ## ##       ##     ##  ##   ##  ##       ##
     ######    ##  ########  ######   ########  #########  ######  ######
     ##        ##  ##    ##  ##       ##     ## ##     ##       ## ##
     ##       #### ##     ## ######## ########  ##     ##  ######  ########

You're about to initialize a Firebase project in this directory:

  E:\chat-app

[debug] [2026-06-12T03:04:48.538Z] ExitPromptError: User force closed the prompt with SIGINT
    at Interface.sigint (C:\Users\Darwish\AppData\Roaming\npm\node_modules\firebase-tools\node_modules\@inquirer\core\dist\commonjs\lib\create-prompt.js:101:37)
    at Interface.emit (node:events:509:28)
    at [_ttyWrite] [as _ttyWrite] (node:internal/readline/interface:1327:18)
    at ReadStream.onkeypress (node:internal/readline/interface:284:20)
    at ReadStream.emit (node:events:521:24)
    at emitKeys (node:internal/readline/utils:371:14)
    at emitKeys.next (<anonymous>)
    at ReadStream.onData (node:internal/readline/emitKeypressEvents:64:36)
    at ReadStream.emit (node:events:509:28)
    at addChunk (node:internal/streams/readable:563:12)
[error] 
[error] Error: An unexpected error has occurred.
